src/app/jobs/[id]/page.tsx(77,19): error TS2322: Type '(formData: FormData) => Promise<{ success: boolean; message: string; }>' is not assignable to type 'string | ((formData: FormData) => void | Promise<void>) | undefined'.
  Type '(formData: FormData) => Promise<{ success: boolean; message: string; }>' is not assignable to type '(formData: FormData) => void | Promise<void>'.
    Type 'Promise<{ success: boolean; message: string; }>' is not assignable to type 'void | Promise<void>'.
      Type 'Promise<{ success: boolean; message: string; }>' is not assignable to type 'Promise<void>'.
        Type '{ success: boolean; message: string; }' is not assignable to type 'void'.
src/app/tracker/page.tsx(55,31): error TS2322: Type '() => Promise<{ success: boolean; }>' is not assignable to type 'string | ((formData: FormData) => void | Promise<void>) | undefined'.
  Type '() => Promise<{ success: boolean; }>' is not assignable to type '(formData: FormData) => void | Promise<void>'.
    Type 'Promise<{ success: boolean; }>' is not assignable to type 'void | Promise<void>'.
      Type 'Promise<{ success: boolean; }>' is not assignable to type 'Promise<void>'.
        Type '{ success: boolean; }' is not assignable to type 'void'.
src/app/tracker/page.tsx(69,33): error TS2322: Type '() => Promise<{ success: boolean; }>' is not assignable to type 'string | ((formData: FormData) => void | Promise<void>) | undefined'.
  Type '() => Promise<{ success: boolean; }>' is not assignable to type '(formData: FormData) => void | Promise<void>'.
    Type 'Promise<{ success: boolean; }>' is not assignable to type 'void | Promise<void>'.
      Type 'Promise<{ success: boolean; }>' is not assignable to type 'Promise<void>'.
        Type '{ success: boolean; }' is not assignable to type 'void'.
src/app/tracker/page.tsx(76,33): error TS2322: Type '() => Promise<{ success: boolean; }>' is not assignable to type 'string | ((formData: FormData) => void | Promise<void>) | undefined'.
  Type '() => Promise<{ success: boolean; }>' is not assignable to type '(formData: FormData) => void | Promise<void>'.
    Type 'Promise<{ success: boolean; }>' is not assignable to type 'void | Promise<void>'.
      Type 'Promise<{ success: boolean; }>' is not assignable to type 'Promise<void>'.
        Type '{ success: boolean; }' is not assignable to type 'void'.
